[16:13:13] gen suite PROD_base
 "t1": {
  "all": {
   "n_req": 24,
   "tokens": 30788,
   "secs": 576.4218316078186,
   "tok_per_s": 53.41227259578763,
   "accept_rate": 0.4513071395811038,
   "mean_accept_len": 2.3539214187433117,
   "per_pos": [
    0.6255159761504357,
    0.4237119706466901,
    0.3046934719461856
   ]
  },
  "clean": {
   "n_req": 24,
   "tokens": 30788,
   "secs": 576.4218316078186,
   "tok_per_s": 53.41227259578763,
   "accept_rate": 0.4513071395811038,
   "mean_accept_len": 2.3539214187433117,
   "per_pos": [
    0.6255159761504357,
    0.4237119706466901,
    0.3046934719461856
   ]
  },
  "calibration": {
   "n_tokens": 30788,
   "outside_nucleus": 12,
   "nll_mean": 0.6692644141905078,
   "exp_nll_mean": 0.6691205453504605,
   "z_nll": 0.025092847403042965,
   "argmax_rate": 0.7737754969468624,
   "exp_argmax_rate": 0.7650830086009712,
   "z_argmax": 4.648144284280783,
   "pit_ks": 0.00519088130542239,
   "pit_ks_p": 0.380835875708428,
   "pit_decile_chi2_df9": 10.36275019495711,
   "pit_deciles": [
    3109,
    3159,
    3104,
    2987,
    3034,
    3059,
    2990,
    3135,
    3124,
    3075
   ]
  }
 },
 "pad": {
  "n": 24,
  "first_is_bang": 0,
  "expected_bang": 0.0,
  "max_bang_run": 0
 }
}
[16:25:18] KLD corpus K=20
77/77 E_vllm_59132_0 done
wrote results/PROD_base_k20.npz
[16:26:54] done
