[PROD_base] part t1
  t1  0 tok=1500  49.8 tok/s clean=True acc_len=2.26
  t1  1 tok=1500  39.7 tok/s clean=True acc_len=1.77
  t1  2 tok=1500  56.9 tok/s clean=True acc_len=2.54
  t1  3 tok=1500  50.1 tok/s clean=True acc_len=2.25
  t1  4 tok=998  80.4 tok/s clean=True acc_len=3.63
  t1  5 tok=1500  61.7 tok/s clean=True acc_len=2.78
  t1  6 tok=900  52.8 tok/s clean=True acc_len=2.39
  t1  7 tok=1500  62.7 tok/s clean=True acc_len=2.80
  t1  8 tok=1500  48.2 tok/s clean=True acc_len=2.14
  t1  9 tok=1500  41.8 tok/s clean=True acc_len=1.85
  t1 10 tok=1500  61.7 tok/s clean=True acc_len=2.78
  t1 11 tok=1170  62.1 tok/s clean=True acc_len=2.81
  t1 12 tok=404  65.8 tok/s clean=True acc_len=3.01
  t1 13 tok=1500  42.8 tok/s clean=True acc_len=1.90
  t1 14 tok=465  52.5 tok/s clean=True acc_len=2.41
  t1 15 tok=1500  47.5 tok/s clean=True acc_len=2.13
  t1 16 tok=1500  58.5 tok/s clean=True acc_len=2.64
  t1 17 tok=1500  56.2 tok/s clean=True acc_len=2.54
  t1 18 tok=1030  56.7 tok/s clean=True acc_len=2.55
  t1 19 tok=321  64.6 tok/s clean=True acc_len=2.94
  t1 20 tok=1500  51.9 tok/s clean=True acc_len=2.33
  t1 21 tok=1500  55.5 tok/s clean=True acc_len=2.49
  t1 22 tok=1500  46.0 tok/s clean=True acc_len=2.05
  t1 23 tok=1500  52.2 tok/s clean=True acc_len=2.33
{
 "tag": "PROD_base",
 "t1": {
  "all": {
   "n_req": 24,
   "tokens": 30788,
   "secs": 586.303617477417,
   "tok_per_s": 52.51204168322547,
   "accept_rate": 0.4513071395811038,
   "mean_accept_len": 2.3539214187433117,
   "per_pos": [
    0.6255159761504357,
    0.4237119706466901,
    0.3046934719461856
   ]
  },
  "clean": {
   "n_req": 24,
   "tokens": 30788,
   "secs": 586.303617477417,
   "tok_per_s": 52.51204168322547,
   "accept_rate": 0.4513071395811038,
   "mean_accept_len": 2.3539214187433117,
   "per_pos": [
    0.6255159761504357,
    0.4237119706466901,
    0.3046934719461856
   ]
  },
  "calibration": {
   "n_tokens": 30788,
   "outside_nucleus": 12,
   "nll_mean": 0.6690694570805876,
   "exp_nll_mean": 0.6691205453504605,
   "z_nll": -0.008911379864945205,
   "argmax_rate": 0.773613096011433,
   "exp_argmax_rate": 0.7650830086009712,
   "z_argmax": 4.561303445416183,
   "pit_ks": 0.005743259782157506,
   "pit_ks_p": 0.2625936323035587,
   "pit_decile_chi2_df9": 12.237587730699246,
   "pit_deciles": [
    3123,
    3152,
    3112,
    2992,
    3033,
    3067,
    2962,
    3134,
    3131,
    3070
   ]
  },
  "outside_examples": [
   {
    "token": "token_id:14377",
    "logprob": -4.826993465423584,
    "rank_in_top20": 12,
    "nucleus_size": 12,
    "cum_before": 0.9521967209639378,
    "p_topk": 0.008300232345410778,
    "top20_mass": 0.9651017968189374
   },
   {
    "token": "token_id:22151",
    "logprob": -4.420881748199463,
    "rank_in_top20": 11,
    "nucleus_size": 11,
    "cum_before": 0.9510192379186104,
    "p_topk": 0.01270140207048273,
    "top20_mass": 0.9466376807981733
   },
   {
    "token": "token_id:6807",
    "logprob": -4.6582794189453125,
    "rank_in_top20": 14,
    "nucleus_size": 14,
    "cum_before": 0.9519438641826813,
    "p_topk": 0.01019958346597203,
    "top20_mass": 0.9297207351166535
   },
   {
    "token": "token_id:28073",
    "logprob": -4.8052778244018555,
    "rank_in_top20": 11,
    "nucleus_size": 11,
    "cum_before": 0.9520814603638159,
    "p_topk": 0.008647903241589627,
    "top20_mass": 0.9466371304944079
   },
   {
    "token": "token_id:1534",
    "logprob": -4.863818168640137,
    "rank_in_top20": 11,
    "nucleus_size": 11,
    "cum_before": 0.9510435649411819,
    "p_topk": 0.008287196188870527,
    "top20_mass": 0.9316718807750348
   },
   {
    "token": "token_id:32254",
    "logprob": -4.78959846496582,
    "rank_in_top20": 16,
    "nucleus_size": 16,
    "cum_before": 0.9556464745235079,
    "p_topk": 0.01125891719636416,
    "top20_mass": 0.7385964076250202
   },
   {
    "token": "token_id:4092",
    "logprob": -4.610407829284668,
    "rank_in_top20": 17,
    "nucleus_size": 17,
    "cum_before": 0.9586730482036643,
    "p_topk": 0.014608174773017759,
    "top20_mass": 0.6809721711972647
   },
   {
    "token": "token_id:4091",
    "logprob": -4.508559226989746,
    "rank_in_top20": 10,
    "nucleus_size": 10,
    "cum_before": 0.9504560644925878,
    "p_topk": 0.011862190710353836,
    "top20_mass": 0.9285230823091264
   },
   {
    "token": "token_id:4545",
    "logprob": -4.548796653747559,
    "rank_in_top20": 15,
    "nucleus_size": 15,
    "cum_before": 0.954241851010028,
    "p_topk": 0.011709052969560095,
    "top20_mass": 0.9035682109475501
   },
   {
    "token": "token_id:24919",
    "logprob": -4.788845539093018,
    "rank_in_top20": 16,
    "nucleus_size": 16,
    "cum_before": 0.9575004125119844,
    "p_topk": 0.011803110679212598,
    "top20_mass": 0.7050733960445557
   },
   {
    "token": "token_id:6558",
    "logprob": -4.406137466430664,
    "rank_in_top20": 17,
    "nucleus_size": 17,
    "cum_before": 0.9549120358338488,
    "p_topk": 0.015029321388716996,
    "top20_mass": 0.8118942025439618
   },
   {
    "token": "token_id:1238",
    "logprob": -5.157337188720703,
    "rank_in_top20": 10,
    "nucleus_size": 10,
    "cum_before": 0.9512101744959999,
    "p_topk": 0.006131171992773103,
    "top20_mass": 0.9389736789556214
   }
  ]
 },
 "pad": {
  "n": 24,
  "first_is_bang": 0,
  "expected_bang": 0.0,
  "max_bang_run": 0
 }
}
