[PROD_base] part cal
  cal  0 tok=1500
  cal  1 tok=1500
  cal  2 tok=1500
  cal  3 tok=1500
  cal  4 tok=1161
  cal  5 tok=1500
  cal  6 tok=1500
  cal  7 tok=1500
  cal  8 tok=1500
  cal  9 tok=1500
  cal 10 tok=1482
  cal 11 tok=1500
{
 "tag": "PROD_base",
 "t1": {
  "all": {
   "n_req": 24,
   "tokens": 30788,
   "secs": 586.303617477417,
   "tok_per_s": 52.51204168322547,
   "accept_rate": 0.4513071395811038,
   "mean_accept_len": 2.3539214187433117,
   "per_pos": [
    0.6255159761504357,
    0.4237119706466901,
    0.3046934719461856
   ]
  },
  "clean": {
   "n_req": 24,
   "tokens": 30788,
   "secs": 586.303617477417,
   "tok_per_s": 52.51204168322547,
   "accept_rate": 0.4513071395811038,
   "mean_accept_len": 2.3539214187433117,
   "per_pos": [
    0.6255159761504357,
    0.4237119706466901,
    0.3046934719461856
   ]
  },
  "calibration": {
   "n_tokens": 30788,
   "n_evaluated": 28824,
   "n_not_reconstructible": 1964,
   "outside_nucleus": 12,
   "outside_strict": 6,
   "nll_mean": 0.5994755701912245,
   "exp_nll_mean": 0.5999110862464713,
   "z_nll": -0.07749250789874011,
   "argmax_rate": 0.7944768248681654,
   "exp_argmax_rate": 0.79338974685435,
   "z_argmax": 0.5819886161648257,
   "pit_ks": 0.0060489743347113545,
   "pit_ks_p": 0.2428478424484099,
   "pit_decile_chi2_df9": 5.392058864362072,
   "pit_deciles": [
    2945,
    2918,
    2914,
    2845,
    2882,
    2849,
    2843,
    2879,
    2918,
    2819
   ],
   "outside_examples": [
    {
     "token": 14377,
     "rank": 12,
     "cum_before": 0.9521967209639378,
     "last_kept": 11
    },
    {
     "token": 22151,
     "rank": 11,
     "cum_before": 0.9510192379186104,
     "last_kept": 10
    },
    {
     "token": 6807,
     "rank": 15,
     "cum_before": 0.9621434476486533,
     "last_kept": 13
    },
    {
     "token": 28073,
     "rank": 11,
     "cum_before": 0.9520814603638159,
     "last_kept": 10
    },
    {
     "token": 1534,
     "rank": 11,
     "cum_before": 0.951043564941182,
     "last_kept": 10
    },
    {
     "token": 32254,
     "rank": 18,
     "cum_before": 0.9781643089162365,
     "last_kept": 15
    },
    {
     "token": 4092,
     "rank": 18,
     "cum_before": 0.9732812229766821,
     "last_kept": 16
    },
    {
     "token": 4091,
     "rank": 10,
     "cum_before": 0.9504560644925878,
     "last_kept": 9
    },
    {
     "token": 4545,
     "rank": 16,
     "cum_before": 0.9659509039795883,
     "last_kept": 14
    },
    {
     "token": 24919,
     "rank": 16,
     "cum_before": 0.9575004125119846,
     "last_kept": 15
    },
    {
     "token": 6558,
     "rank": 19,
     "cum_before": 0.9849706786112828,
     "last_kept": 16
    },
    {
     "token": 1238,
     "rank": 11,
     "cum_before": 0.957341346488773,
     "last_kept": 9
    }
   ]
  },
  "outside_examples": [
   {
    "token": "token_id:14377",
    "logprob": -4.826993465423584,
    "rank_in_top20": 12,
    "nucleus_size": 12,
    "cum_before": 0.9521967209639378,
    "p_topk": 0.008300232345410778,
    "top20_mass": 0.9651017968189374
   },
   {
    "token": "token_id:22151",
    "logprob": -4.420881748199463,
    "rank_in_top20": 11,
    "nucleus_size": 11,
    "cum_before": 0.9510192379186104,
    "p_topk": 0.01270140207048273,
    "top20_mass": 0.9466376807981733
   },
   {
    "token": "token_id:6807",
    "logprob": -4.6582794189453125,
    "rank_in_top20": 14,
    "nucleus_size": 14,
    "cum_before": 0.9519438641826813,
    "p_topk": 0.01019958346597203,
    "top20_mass": 0.9297207351166535
   },
   {
    "token": "token_id:28073",
    "logprob": -4.8052778244018555,
    "rank_in_top20": 11,
    "nucleus_size": 11,
    "cum_before": 0.9520814603638159,
    "p_topk": 0.008647903241589627,
    "top20_mass": 0.9466371304944079
   },
   {
    "token": "token_id:1534",
    "logprob": -4.863818168640137,
    "rank_in_top20": 11,
    "nucleus_size": 11,
    "cum_before": 0.9510435649411819,
    "p_topk": 0.008287196188870527,
    "top20_mass": 0.9316718807750348
   },
   {
    "token": "token_id:32254",
    "logprob": -4.78959846496582,
    "rank_in_top20": 16,
    "nucleus_size": 16,
    "cum_before": 0.9556464745235079,
    "p_topk": 0.01125891719636416,
    "top20_mass": 0.7385964076250202
   },
   {
    "token": "token_id:4092",
    "logprob": -4.610407829284668,
    "rank_in_top20": 17,
    "nucleus_size": 17,
    "cum_before": 0.9586730482036643,
    "p_topk": 0.014608174773017759,
    "top20_mass": 0.6809721711972647
   },
   {
    "token": "token_id:4091",
    "logprob": -4.508559226989746,
    "rank_in_top20": 10,
    "nucleus_size": 10,
    "cum_before": 0.9504560644925878,
    "p_topk": 0.011862190710353836,
    "top20_mass": 0.9285230823091264
   },
   {
    "token": "token_id:4545",
    "logprob": -4.548796653747559,
    "rank_in_top20": 15,
    "nucleus_size": 15,
    "cum_before": 0.954241851010028,
    "p_topk": 0.011709052969560095,
    "top20_mass": 0.9035682109475501
   },
   {
    "token": "token_id:24919",
    "logprob": -4.788845539093018,
    "rank_in_top20": 16,
    "nucleus_size": 16,
    "cum_before": 0.9575004125119844,
    "p_topk": 0.011803110679212598,
    "top20_mass": 0.7050733960445557
   },
   {
    "token": "token_id:6558",
    "logprob": -4.406137466430664,
    "rank_in_top20": 17,
    "nucleus_size": 17,
    "cum_before": 0.9549120358338488,
    "p_topk": 0.015029321388716996,
    "top20_mass": 0.8118942025439618
   },
   {
    "token": "token_id:1238",
    "logprob": -5.157337188720703,
    "rank_in_top20": 10,
    "nucleus_size": 10,
    "cum_before": 0.9512101744959999,
    "p_topk": 0.006131171992773103,
    "top20_mass": 0.9389736789556214
   }
  ]
 },
 "cal": {
  "n_tokens": 17643,
  "n_evaluated": 14177,
  "n_not_reconstructible": 3466,
  "outside_nucleus": 0,
  "outside_strict": 0,
  "nll_mean": 0.39457160820530546,
  "exp_nll_mean": 0.39131624765017864,
  "z_nll": 0.48396507238900954,
  "argmax_rate": 0.8615362911758482,
  "exp_argmax_rate": 0.8629939288136209,
  "z_argmax": -0.6347602889886981,
  "pit_ks": 0.011891727595875201,
  "pit_ks_p": 0.036280231493376947,
  "pit_decile_chi2_df9": 10.500176341962332
 },
 "pad": {
  "n": 24,
  "first_is_bang": 0,
  "expected_bang": 0.0,
  "max_bang_run": 0
 }
}
